555
x = 19
y = 10
Sum: 29
Difference: 9
Product: 190
